Circuit: * Z:\mnt\9a3f66c9-6d6d-4e50-b992-ca8f034e1022\Download\Eletronica-de-Potencia\Trabalho2\simulacoes\1.asc

Warning: Multiple definitions of model "irf530" Type: Vdmos1
Warning: Multiple definitions of model "2scr375p" Type: BJT
Warning: Multiple definitions of model "bc857b" Type: BJT
Warning: Multiple definitions of model "bc847c" Type: BJT
Warning: Multiple definitions of model "bc847b" Type: BJT
Direct Newton iteration for .op point succeeded.

Date: Tue May 19 21:40:41 2026
Total elapsed time: 0.819 seconds.

tnom = 27
temp = 27
method = modified trap
totiter = 49358
traniter = 49325
tranpoints = 23689
accept = 23034
rejected = 655
matrix size = 46
fillins = 16
solver = Normal
Matrix Compiler1: 3.91 KB object code size  0.8/0.5/[0.4]
Matrix Compiler2: 4.00 KB object code size  0.5/0.7/[0.4]

